[     143ms] [INFO] %cDownload the React DevTools for a better development experience: https://react.dev/link/react-devtools font-weight:bold @ http://localhost:5173/node_modules/.vite/deps/react-dom_client.js?v=94e81f43:20102
[     245ms] [ERROR] Failed to load resource: the server responded with a status of 404 (Not Found) @ http://localhost:5173/api/v1/performance/metrics:0
[     245ms] [ERROR] Failed to load resource: the server responded with a status of 404 (Not Found) @ http://localhost:5173/api/v1/performance/metrics:0
[     297ms] [ERROR] Failed to load resource: the server responded with a status of 404 (Not Found) @ http://localhost:5173/api/v1/performance/metrics:0
[     299ms] [ERROR] Failed to load resource: the server responded with a status of 404 (Not Found) @ http://localhost:5173/api/v1/performance/metrics:0
[     301ms] [LOG] 🔍 Starting bundle size monitoring... @ http://localhost:5173/src/services/bundleMonitoring.ts:32
[     301ms] [LOG] 🚨 Bundle Alert: Bundle size exceeds critical threshold: 1.22 MB @ http://localhost:5173/src/services/bundleMonitoring.ts:178
[     301ms] [LOG] Bundle Alert: {type: threshold_exceeded, severity: error, message: Bundle size exceeds critical threshold: 1.22 MB, currentSize: 1280000, threshold: 1048576} @ http://localhost:5173/src/App.tsx:134
[     302ms] [LOG] 🔍 Starting bundle size monitoring... @ http://localhost:5173/src/services/bundleMonitoring.ts:32
[     302ms] [LOG] 🚨 Bundle Alert: Bundle size exceeds critical threshold: 1.22 MB @ http://localhost:5173/src/services/bundleMonitoring.ts:178
[     302ms] [LOG] Bundle Alert: {type: threshold_exceeded, severity: error, message: Bundle size exceeds critical threshold: 1.22 MB, currentSize: 1280000, threshold: 1048576} @ http://localhost:5173/src/App.tsx:134
[     304ms] [ERROR] Failed to load resource: the server responded with a status of 404 (Not Found) @ http://localhost:5173/api/v1/performance/metrics:0
[     304ms] [ERROR] Failed to load resource: the server responded with a status of 404 (Not Found) @ http://localhost:5173/api/v1/performance/metrics:0
[     304ms] [ERROR] Failed to load resource: the server responded with a status of 404 (Not Found) @ http://localhost:5173/api/v1/performance/metrics:0
[     353ms] [ERROR] Failed to load resource: the server responded with a status of 404 (Not Found) @ http://localhost:5173/api/v1/performance/metrics:0
[     548ms] [ERROR] Failed to load resource: the server responded with a status of 404 (Not Found) @ http://localhost:5173/api/v1/performance/metrics:0
[     758ms] [ERROR] Failed to load resource: the server responded with a status of 404 (Not Found) @ http://localhost:5173/api/v1/performance/metrics:0
[    1013ms] [ERROR] Invalid DOM property `%s`. Did you mean `%s`? fetchpriority fetchPriority @ http://localhost:5173/node_modules/.vite/deps/react-dom_client.js?v=94e81f43:2396
[   30313ms] [LOG] 🚨 Bundle Alert: Bundle size exceeds critical threshold: 1.22 MB @ http://localhost:5173/src/services/bundleMonitoring.ts:178
[   30313ms] [LOG] Bundle Alert: {type: threshold_exceeded, severity: error, message: Bundle size exceeds critical threshold: 1.22 MB, currentSize: 1280000, threshold: 1048576} @ http://localhost:5173/src/App.tsx:134
[   30314ms] [LOG] 🚨 Bundle Alert: Bundle size exceeds critical threshold: 1.22 MB @ http://localhost:5173/src/services/bundleMonitoring.ts:178
[   30314ms] [LOG] Bundle Alert: {type: threshold_exceeded, severity: error, message: Bundle size exceeds critical threshold: 1.22 MB, currentSize: 1280000, threshold: 1048576} @ http://localhost:5173/src/App.tsx:134
