[      96ms] [INFO] %cDownload the React DevTools for a better development experience: https://react.dev/link/react-devtools font-weight:bold @ http://localhost:5173/node_modules/.vite/deps/react-dom_client.js?v=94e81f43:20102
[     303ms] [ERROR] Failed to load resource: the server responded with a status of 404 (Not Found) @ http://localhost:5173/api/v1/performance/metrics:0
[     308ms] [ERROR] Failed to load resource: the server responded with a status of 404 (Not Found) @ http://localhost:5173/api/v1/performance/metrics:0
[     308ms] [ERROR] Failed to load resource: the server responded with a status of 404 (Not Found) @ http://localhost:5173/api/v1/performance/metrics:0
[     309ms] [ERROR] Failed to load resource: the server responded with a status of 404 (Not Found) @ http://localhost:5173/api/v1/performance/metrics:0
[     310ms] [ERROR] Failed to load resource: the server responded with a status of 404 (Not Found) @ http://localhost:5173/api/v1/performance/metrics:0
[     311ms] [ERROR] Failed to load resource: the server responded with a status of 404 (Not Found) @ http://localhost:5173/api/v1/performance/metrics:0
[     312ms] [ERROR] Failed to load resource: the server responded with a status of 404 (Not Found) @ http://localhost:5173/api/v1/performance/metrics:0
[     313ms] [ERROR] Failed to load resource: the server responded with a status of 404 (Not Found) @ http://localhost:5173/api/v1/performance/metrics:0
[     316ms] [LOG] 🔍 Starting bundle size monitoring... @ http://localhost:5173/src/services/bundleMonitoring.ts:32
[     316ms] [LOG] 🚨 Bundle Alert: Bundle size exceeds critical threshold: 1.22 MB @ http://localhost:5173/src/services/bundleMonitoring.ts:178
[     316ms] [LOG] Bundle Alert: {type: threshold_exceeded, severity: error, message: Bundle size exceeds critical threshold: 1.22 MB, currentSize: 1280000, threshold: 1048576} @ http://localhost:5173/src/App.tsx:134
[     317ms] [LOG] 🔍 Starting bundle size monitoring... @ http://localhost:5173/src/services/bundleMonitoring.ts:32
[     317ms] [LOG] 🚨 Bundle Alert: Bundle size exceeds critical threshold: 1.22 MB @ http://localhost:5173/src/services/bundleMonitoring.ts:178
[     317ms] [LOG] Bundle Alert: {type: threshold_exceeded, severity: error, message: Bundle size exceeds critical threshold: 1.22 MB, currentSize: 1280000, threshold: 1048576} @ http://localhost:5173/src/App.tsx:134
[     511ms] [ERROR] Failed to load resource: the server responded with a status of 404 (Not Found) @ http://localhost:5173/api/v1/performance/metrics:0
[     714ms] [ERROR] Failed to load resource: the server responded with a status of 404 (Not Found) @ http://localhost:5173/api/v1/performance/metrics:0
[    1048ms] [ERROR] Invalid DOM property `%s`. Did you mean `%s`? fetchpriority fetchPriority @ http://localhost:5173/node_modules/.vite/deps/react-dom_client.js?v=94e81f43:2396
[   30331ms] [LOG] 🚨 Bundle Alert: Bundle size exceeds critical threshold: 1.22 MB @ http://localhost:5173/src/services/bundleMonitoring.ts:178
[   30332ms] [LOG] Bundle Alert: {type: threshold_exceeded, severity: error, message: Bundle size exceeds critical threshold: 1.22 MB, currentSize: 1280000, threshold: 1048576} @ http://localhost:5173/src/App.tsx:134
[   30332ms] [LOG] 🚨 Bundle Alert: Bundle size exceeds critical threshold: 1.22 MB @ http://localhost:5173/src/services/bundleMonitoring.ts:178
[   30332ms] [LOG] Bundle Alert: {type: threshold_exceeded, severity: error, message: Bundle size exceeds critical threshold: 1.22 MB, currentSize: 1280000, threshold: 1048576} @ http://localhost:5173/src/App.tsx:134
[   60326ms] [LOG] 🚨 Bundle Alert: Bundle size exceeds critical threshold: 1.22 MB @ http://localhost:5173/src/services/bundleMonitoring.ts:178
[   60327ms] [LOG] Bundle Alert: {type: threshold_exceeded, severity: error, message: Bundle size exceeds critical threshold: 1.22 MB, currentSize: 1280000, threshold: 1048576} @ http://localhost:5173/src/App.tsx:134
[   60327ms] [LOG] 🚨 Bundle Alert: Bundle size exceeds critical threshold: 1.22 MB @ http://localhost:5173/src/services/bundleMonitoring.ts:178
[   60327ms] [LOG] Bundle Alert: {type: threshold_exceeded, severity: error, message: Bundle size exceeds critical threshold: 1.22 MB, currentSize: 1280000, threshold: 1048576} @ http://localhost:5173/src/App.tsx:134
[   90323ms] [LOG] 🚨 Bundle Alert: Bundle size exceeds critical threshold: 1.22 MB @ http://localhost:5173/src/services/bundleMonitoring.ts:178
[   90323ms] [LOG] Bundle Alert: {type: threshold_exceeded, severity: error, message: Bundle size exceeds critical threshold: 1.22 MB, currentSize: 1280000, threshold: 1048576} @ http://localhost:5173/src/App.tsx:134
[   90325ms] [LOG] 🚨 Bundle Alert: Bundle size exceeds critical threshold: 1.22 MB @ http://localhost:5173/src/services/bundleMonitoring.ts:178
[   90325ms] [LOG] Bundle Alert: {type: threshold_exceeded, severity: error, message: Bundle size exceeds critical threshold: 1.22 MB, currentSize: 1280000, threshold: 1048576} @ http://localhost:5173/src/App.tsx:134
[  120331ms] [LOG] 🚨 Bundle Alert: Bundle size exceeds critical threshold: 1.22 MB @ http://localhost:5173/src/services/bundleMonitoring.ts:178
[  120331ms] [LOG] Bundle Alert: {type: threshold_exceeded, severity: error, message: Bundle size exceeds critical threshold: 1.22 MB, currentSize: 1280000, threshold: 1048576} @ http://localhost:5173/src/App.tsx:134
[  120332ms] [LOG] 🚨 Bundle Alert: Bundle size exceeds critical threshold: 1.22 MB @ http://localhost:5173/src/services/bundleMonitoring.ts:178
[  120332ms] [LOG] Bundle Alert: {type: threshold_exceeded, severity: error, message: Bundle size exceeds critical threshold: 1.22 MB, currentSize: 1280000, threshold: 1048576} @ http://localhost:5173/src/App.tsx:134
[  150326ms] [LOG] 🚨 Bundle Alert: Bundle size exceeds critical threshold: 1.22 MB @ http://localhost:5173/src/services/bundleMonitoring.ts:178
[  150326ms] [LOG] Bundle Alert: {type: threshold_exceeded, severity: error, message: Bundle size exceeds critical threshold: 1.22 MB, currentSize: 1280000, threshold: 1048576} @ http://localhost:5173/src/App.tsx:134
[  150326ms] [LOG] 🚨 Bundle Alert: Bundle size exceeds critical threshold: 1.22 MB @ http://localhost:5173/src/services/bundleMonitoring.ts:178
[  150326ms] [LOG] Bundle Alert: {type: threshold_exceeded, severity: error, message: Bundle size exceeds critical threshold: 1.22 MB, currentSize: 1280000, threshold: 1048576} @ http://localhost:5173/src/App.tsx:134
[  180322ms] [LOG] 🚨 Bundle Alert: Bundle size exceeds critical threshold: 1.22 MB @ http://localhost:5173/src/services/bundleMonitoring.ts:178
[  180322ms] [LOG] Bundle Alert: {type: threshold_exceeded, severity: error, message: Bundle size exceeds critical threshold: 1.22 MB, currentSize: 1280000, threshold: 1048576} @ http://localhost:5173/src/App.tsx:134
[  180323ms] [LOG] 🚨 Bundle Alert: Bundle size exceeds critical threshold: 1.22 MB @ http://localhost:5173/src/services/bundleMonitoring.ts:178
[  180323ms] [LOG] Bundle Alert: {type: threshold_exceeded, severity: error, message: Bundle size exceeds critical threshold: 1.22 MB, currentSize: 1280000, threshold: 1048576} @ http://localhost:5173/src/App.tsx:134
[  210327ms] [LOG] 🚨 Bundle Alert: Bundle size exceeds critical threshold: 1.22 MB @ http://localhost:5173/src/services/bundleMonitoring.ts:178
[  210327ms] [LOG] Bundle Alert: {type: threshold_exceeded, severity: error, message: Bundle size exceeds critical threshold: 1.22 MB, currentSize: 1280000, threshold: 1048576} @ http://localhost:5173/src/App.tsx:134
[  210328ms] [LOG] 🚨 Bundle Alert: Bundle size exceeds critical threshold: 1.22 MB @ http://localhost:5173/src/services/bundleMonitoring.ts:178
[  210328ms] [LOG] Bundle Alert: {type: threshold_exceeded, severity: error, message: Bundle size exceeds critical threshold: 1.22 MB, currentSize: 1280000, threshold: 1048576} @ http://localhost:5173/src/App.tsx:134
[  240323ms] [LOG] 🚨 Bundle Alert: Bundle size exceeds critical threshold: 1.22 MB @ http://localhost:5173/src/services/bundleMonitoring.ts:178
[  240323ms] [LOG] Bundle Alert: {type: threshold_exceeded, severity: error, message: Bundle size exceeds critical threshold: 1.22 MB, currentSize: 1280000, threshold: 1048576} @ http://localhost:5173/src/App.tsx:134
[  240324ms] [LOG] 🚨 Bundle Alert: Bundle size exceeds critical threshold: 1.22 MB @ http://localhost:5173/src/services/bundleMonitoring.ts:178
[  240324ms] [LOG] Bundle Alert: {type: threshold_exceeded, severity: error, message: Bundle size exceeds critical threshold: 1.22 MB, currentSize: 1280000, threshold: 1048576} @ http://localhost:5173/src/App.tsx:134
